// Jest Snapshot v1, https://goo.gl/fbAQLP

exports[`Should render the skeleton card 1`] = `
<div
  className="sc-ead767e7-0 jeLVew"
  data-testid="skeleton-card"
>
  <div
    className="sc-ead767e7-1 gARGUb"
  />
  <div
    className="sc-ead767e7-2 hPYKlF"
  >
    <div
      className="sc-ead767e7-3 lnUtYP"
    />
    <div
      className="sc-ead767e7-4 gAfFr"
    />
    <div
      className="sc-ead767e7-5 fScbDl"
    />
  </div>
</div>
`;
